snprintf       : 17 "VfL Bochum 1848" (15-0)
mulle_snprintf : 17 "VfL Bochum 1848" (15-0)
snprintf       : 16 "VfL Bochum 1848" (15-0)
mulle_snprintf : 16 "VfL Bochum 1848" (15-0)
snprintf       : 15 "VfL Bochum 184" (15-0)
mulle_snprintf : 15 "VfL Bochum 184" (-1-12)
snprintf       : 14 "VfL Bochum 18" (15-0)
mulle_snprintf : 14 "VfL Bochum 18" (-1-12)
snprintf       : 13 "VfL Bochum 1" (15-0)
mulle_snprintf : 13 "VfL Bochum 1" (-1-12)
snprintf       : 12 "VfL Bochum " (15-0)
mulle_snprintf : 12 "VfL Bochum " (-1-12)
snprintf       : 11 "VfL Bochum" (15-0)
mulle_snprintf : 11 "VfL Bochum" (-1-12)
snprintf       : 10 "VfL Bochu" (15-0)
mulle_snprintf : 10 "VfL Bochu" (-1-12)
snprintf       : 9 "VfL Boch" (15-0)
mulle_snprintf : 9 "VfL Boch" (-1-12)
snprintf       : 8 "VfL Boc" (15-0)
mulle_snprintf : 8 "VfL Boc" (-1-12)
snprintf       : 7 "VfL Bo" (15-0)
mulle_snprintf : 7 "VfL Bo" (-1-12)
snprintf       : 6 "VfL B" (15-0)
mulle_snprintf : 6 "VfL B" (-1-12)
snprintf       : 5 "VfL " (15-0)
mulle_snprintf : 5 "VfL " (-1-12)
snprintf       : 4 "VfL" (15-0)
mulle_snprintf : 4 "VfL" (-1-12)
snprintf       : 3 "Vf" (15-0)
mulle_snprintf : 3 "Vf" (-1-12)
snprintf       : 2 "V" (15-0)
mulle_snprintf : 2 "V" (-1-12)
snprintf       : 1 "" (15-0)
mulle_snprintf : 1 "" (-1-12)
snprintf       : 0 "***************" (15-0)
mulle_snprintf : 0 "***************" (-1-22)
