sprintf: 0 "VfL Bochum 1848"
mulle_sprintf: 0 "VfL Bochum 1848"
sprintf: 1 "VfL Bochum 1848"
mulle_sprintf: 1 "VfL Bochum 1848"
sprintf: 2 "VfL Bochum 1848"
mulle_sprintf: 2 "VfL Bochum 1848"
sprintf: 3 "VfL Bochum 1848"
mulle_sprintf: 3 "VfL Bochum 1848"
sprintf: 4 "VfL Bochum 1848"
mulle_sprintf: 4 "VfL Bochum 1848"
sprintf: 5 "VfL Bochum 1848"
mulle_sprintf: 5 "VfL Bochum 1848"
sprintf: 6 "VfL Bochum 1848"
mulle_sprintf: 6 "VfL Bochum 1848"
sprintf: 7 "VfL Bochum 1848"
mulle_sprintf: 7 "VfL Bochum 1848"
sprintf: 8 "VfL Bochum 1848"
mulle_sprintf: 8 "VfL Bochum 1848"
sprintf: 9 "VfL Bochum 1848"
mulle_sprintf: 9 "VfL Bochum 1848"
sprintf: 10 "VfL Bochum 1848"
mulle_sprintf: 10 "VfL Bochum 1848"
sprintf: 11 "VfL Bochum 1848"
mulle_sprintf: 11 "VfL Bochum 1848"
sprintf: 12 "VfL Bochum 1848"
mulle_sprintf: 12 "VfL Bochum 1848"
sprintf: 13 "VfL Bochum 1848"
mulle_sprintf: 13 "VfL Bochum 1848"
sprintf: 14 "VfL Bochum 1848"
mulle_sprintf: 14 "VfL Bochum 1848"
sprintf: 15 "VfL Bochum 1848"
mulle_sprintf: 15 "VfL Bochum 1848"
