001: |VfL\tBochum\t1848|
002: |VfL|
003: |VfL\t|
004: |VfL\tB|
005: |"VfL\tBochum\t1848"|
006: |"VfL\tBochum\t1848"|
007: |"VfL\tBochum\t1848"|
010: |"VfL\tB"|
011: |"VfL\tBochum\t1848"|
012: |"VfL\tBochum\t1848"|
013: |"VfL\tBochum\t1848"|
014: ||
