mulle_sprintf: |VfL Bochum 1848/VfL B|
mulle_sprintf: |VfL B/  VfL|
mulle_sprintf: |VfL Bochum 1848/VfL B|
printf: |VfL B/  VfL|
printf: |VfL Bochum 1848/VfL B|
