   |          1         2         3         4         |
   |01234567890123456789012345678901234567890123456789|
p: ||
p: ||  # %.0lS
p: ||
p: |                                                  |
p: |                                                  |
p: ||
p: |                                                  |
p: |                                                  |

   |          1         2         3         4         |
   |01234567890123456789012345678901234567890123456789|
p: |VfL Bochum 1848|
p: ||  # %.0lS
p: |V|  # %.1lS
p: |Vf|  # %.2lS
p: |VfL|  # %.3lS
p: |VfL |  # %.4lS
p: |VfL B|  # %.5lS
p: |VfL Bo|  # %.6lS
p: |VfL Boc|  # %.7lS
p: |VfL Boch|  # %.8lS
p: |VfL Bochu|  # %.9lS
p: |VfL Bochum|  # %.10lS
p: |VfL Bochum |  # %.11lS
p: |VfL Bochum 1|  # %.12lS
p: |VfL Bochum 18|  # %.13lS
p: |VfL Bochum 184|  # %.14lS
p: |VfL Bochum 1848|  # %.15lS
p: |VfL Bochum 1848|
p: |                                   VfL Bochum 1848|
p: |                                   VfL Bochum 1848|
p: |VfL Bochum 1848|
p: |                                   VfL Bochum 1848|
p: |                                   VfL Bochum 1848|

   |          1         2         3         4         |
   |01234567890123456789012345678901234567890123456789|
p: |ðŸ‘£#â‚¬VfL Bochum ðŸŽ²|
p: ||  # %.0lS
p: |ðŸ‘£|  # %.1lS
p: |ðŸ‘£#|  # %.2lS
p: |ðŸ‘£#â‚¬|  # %.3lS
p: |ðŸ‘£#â‚¬V|  # %.4lS
p: |ðŸ‘£#â‚¬Vf|  # %.5lS
p: |ðŸ‘£#â‚¬VfL|  # %.6lS
p: |ðŸ‘£#â‚¬VfL |  # %.7lS
p: |ðŸ‘£#â‚¬VfL B|  # %.8lS
p: |ðŸ‘£#â‚¬VfL Bo|  # %.9lS
p: |ðŸ‘£#â‚¬VfL Boc|  # %.10lS
p: |ðŸ‘£#â‚¬VfL Boch|  # %.11lS
p: |ðŸ‘£#â‚¬VfL Bochu|  # %.12lS
p: |ðŸ‘£#â‚¬VfL Bochum|  # %.13lS
p: |ðŸ‘£#â‚¬VfL Bochum |  # %.14lS
p: |ðŸ‘£#â‚¬VfL Bochum ðŸŽ²|  # %.15lS
p: |ðŸ‘£#â‚¬VfL Bochum ðŸŽ²|
p: |                                   ðŸ‘£#â‚¬VfL Bochum ðŸŽ²|
p: |                                   ðŸ‘£#â‚¬VfL Bochum ðŸŽ²|
p: |ðŸ‘£#â‚¬VfL Bochum ðŸŽ²|
p: |                                   ðŸ‘£#â‚¬VfL Bochum ðŸŽ²|
p: |                                   ðŸ‘£#â‚¬VfL Bochum ðŸŽ²|

