1 2 3
3 1 2
1 2 1
abc def ghi
ghi abc def
333.333300 2.22 0.100
