|1845|15|1845|1845|1845|1845|1845|1845|1845| (44)
|1846|16|1846|1846|1846|1846|1846|1846|1846| (44)
|1747|17|1747|1747|1747|1747|1747|1747|1747| (44)
|1848|18|1848|1848|1848|1848|1848|1848|1848| (44)
|1849|19|1849|1849|1849|1849|1849|1849|1849| (44)
