Buffer size 1 exhausted
Buffer size 2 exhausted
Buffer size 4 exhausted
Buffer size 8 exhausted
16: VfL Bochum 1848
32: VfL Bochum 1848
